[www.lbpam.com/fr.html]
[backblue.gif]
[fade.gif]
[index.html]
[lbpamprodcdn.azureedge.net/cmsmedia/data/shared/imageFolder/small-crop-[id=1299]homepage-64ff225f4344404a2b23cce24b215c146333767f.jpg]
[www.lbpam.com/resources/css/styles-ab043909e674467a507cb0fd455e385f.css]
[lbpamprodcdn.azureedge.net/ui-kit/2023-12-28-4b9e6f93/resources/css/bootstrap-theme.css]
[lbpamprodcdn.azureedge.net/ui-kit/2023-12-28-4b9e6f93/resources/css/custom-theme.css]
[lbpamprodcdn.azureedge.net/ui-kit/2023-12-28-4b9e6f93/resources/css/website-fonts.css]
[lbpamprodcdn.azureedge.net/ui-kit/2023-12-28-4b9e6f93/resources/css/font.css]
[www.lbpam.com/resources/js/expirable-localstorage/index-8e147b8b54b25885fcad6744417414ce.js]
[cdn.tagcommander.com/5910/tc_LBPAM_27.js]
[cdn.tagcommander.com/5910/tc_LBPAM_28.js]
[cdn.tagcommander.com/5910/tc_LBPAM_29.js]
[lbpamprodcdn.azureedge.net/ui-kit/2023-12-28-4b9e6f93/resources/img/Logo_LBPAM.png]
[lbpamprodcdn.azureedge.net/ui-kit/2023-12-28-4b9e6f93/resources/img/logo-lbpam-blue.png]
[www.lbpam.com/fr/notre-identite/expert-de-la-finance-durable.html]
[www.lbpam.com/fr/notre-identite/qui-sommes-nous.html]
[www.lbpam.com/fr/notre-identite/gouvernance.html]
[www.lbpam.com/fr/notre-identite/notre-expertise-en-gestion-isr.html]
[www.lbpam.com/fr/notre-identite/engagements-rse.html]
[www.lbpam.com/fr/notre-expertise/nos-expertises.html]
[www.lbpam.com/fr/notre-expertise/gestion-actifs-reels-prives]
[www.lbpam.com/fr/notre-expertise/actifs-reels-prives.html]
[www.lbpam.com/fr/notre-expertise/gestion-multi-actifs-taux-performance-absolue.html]
[www.lbpam.com/fr/notre-expertise/gestion-solutions-quantitatives.html]
[www.lbpam.com/fr/notre-expertise/gestion-actions-par-tocqueville-finance.html]
[www.lbpam.com/fr/actualite/articles.html]
[www.lbpam.com/fr/notre-identite/trophees-de-l-innovation]
[www.lbpam.com/fr/tech-isr/trophees-de-l-innovation.html]
[www.lbpam.com/fr/tech-isr/tech-isr-lbp-am.html]
[www.lbpam.com/fr/actualite/tous-les-articles.html]
[www.lbpam.com/fr/actualite/decryptage-marche]
[www.lbpam.com/fr/actualite/portail-decryptage-marche/decryptages-marches-lbp-am.html]
[www.lbpam.com/fr/publications/publications-rapports.html]
[www.lbpam.com/fr/espace-presse/communiques-de-presse.html]
[www.lbpam.com/fr/carrieres/un-sens-aigu-du-collectif.html]
[www.lbpam.com/fr/carrieres/liste-des-postes.html]
[www.lbpam.com/fr/nos-fonds/fund-finder.html]
[lbpamprodcdn.azureedge.net/widgets-assets/bridge/js/v14/widget-dependencies.min.js]
[lbpamprodcdn.azureedge.net/cmsmedia/data/shared/imageFolder/lb-banner-home-783c738e31e2bb7e192b5ca17a533d2ff3a8fca9-090d48d22340ae142bb467efa347aa68e0f67989.jpg]
[lbpamprodcdn.azureedge.net/cmsmedia/data/shared/imageFolder/image-eau-homepage-d2f0b586c12538268fd83390b10891f8d8522f6c.jpg]
[lbpamprodcdn.azureedge.net/cmsmedia/data/shared/imageFolder/home-page-bg-chiffres-cles-optim-3fe57fc1120961930aa2ac1bd1c980c64607070c-c0216c864a6e5dceb4878c1732855db1a842f576.jpg]
[lbpamprodcdn.azureedge.net/cmsmedia/data/shared/imageFolder/bg-expertises-section-optim-b4aa7a059eab46c26eb0150fbf9f33772f3a73ee.jpg]
[lbpamprodcdn.azureedge.net/cmsmedia/data/shared/imageFolder/lb-bg-last-section-6fb89640260de4bfdaf85fb1a92d4ff2d040b2af-b0bb0ed34e505dce3f393b5f6dfc1a73bb19df8f.jpg]
[lbpamprodcdn.azureedge.net/cmsmedia/data/shared/imageFolder/lb-recompense-eca97418a9303b1abf05a24f268f2fa677a65377.jpg]
[lbpamprodcdn.azureedge.net/cmsmedia/data/shared/imageFolder/sans-titre-1-a8ba955328cdb5ce14bfd985b1b63f680146a56b.jpg]
[www.lbpam.com/fr/notre-identite/territoires.html]
[www.lbpam.com/fr/notre-identite/climat.html]
[www.lbpam.com/fr/avertissement/tentatives-de-fraude.html]
[www.lbpam.com/fr/notre-expertise/dette-privee]
[www.lbpam.com/fr/actualite/articles/lbp-am-recoit-le-prix-de-la-finance-durable-de-l-agefi.html]
[lbpamprodcdn.azureedge.net/ui-kit/2023-12-28-4b9e6f93/resources/img/lbpam-logo-footer.png]
[www.lbpam.com/fr/contact/contact-lbp-am.html]
[www.lbpam.com/fr/mentions-legales/conditions-generales-d-utilisation-du-site.html]
[www.lbpam.com/fr/mentions-legales/mentions-legales.html]
[www.lbpam.com/fr/donnees-personnelles/politique-de-protection-des-donnees-personnelles-lbp-am.html]
[www.lbpam.com/fr/donnees-personnelles/informations-sur-les-cookies.html]
[lbpamprodcdn.azureedge.net/ui-kit/2023-12-28-4b9e6f93/resources/js/jquery.min.js]
[lbpamprodcdn.azureedge.net/ui-kit/2023-12-28-4b9e6f93/resources/js/bootstrap.min.js]
[lbpamprodcdn.azureedge.net/ui-kit/2023-12-28-4b9e6f93/resources/js/menuscript.js]
[lbpamprodcdn.azureedge.net/widgets-assets/lbpam-searchbar-widget/0.2.9/lbpam-searchbar-widget.js]
[lbpamprodcdn.azureedge.net/widgets-assets/lbpam-product-disclaimer/0.2.7/lbpam-product-disclaimer.js]
[lbpamprodcdn.azureedge.net/ui-kit/2023-12-28-4b9e6f93/resources/js/bootstrap-hover-dropdown.min.js]
[lbpamprodcdn.azureedge.net/ui-kit/2023-12-28-4b9e6f93/resources/js/lb-searchbar.js]
[www.lbpam.com/resources/js/views-number/incrementViewsNumber-96a4acaf13d50aec3682dbde623ce841.js]
[www.lbpam.com/resources/js/header/header-a3b894a723d31626186811cc20ac1446.js]
[lbpamprodcdn.azureedge.net/ui-kit/2023-02-02-26429d4b/resources/js/owl.carousel.min7f65.js]
[lbpamprodcdn.azureedge.net/ui-kit/2023-02-02-26429d4b/resources/js/lb-carousel-init7f65.js]
[lbpamprodcdn.azureedge.net/ui-kit/2023-02-02-26429d4b/resources/js/lb-counter7f65.js]
[lbpamprodcdn.azureedge.net/widgets-assets/lbpam-insights/0.2.8/lbpam-insights7f65.js]
[www.lbpam.com/fr.html]
[www.lbpam.com/resources/css/styles-ab043909e674467a507cb0fd455e385f.css]
[lbpamprodcdn.azureedge.net/ui-kit/2023-12-28-4b9e6f93/resources/css/bootstrap-theme.css]
[lbpamprodcdn.azureedge.net/widgets-assets/bridge/js/v14/bridgewidget.js]
[lbpamprodcdn.azureedge.net/ui-kit/2023-12-28-4b9e6f93/resources/img/flags.png]
[lbpamprodcdn.azureedge.net/ui-kit/2023-12-28-4b9e6f93/resources/img/bg-404-page.jpg]
[lbpamprodcdn.azureedge.net/ui-kit/2023-12-28-4b9e6f93/resources/img/bg-header-fund-finder.jpg]
[lbpamprodcdn.azureedge.net/ui-kit/2023-12-28-4b9e6f93/resources/img/icon-filter-btn-action.png]
[lbpamprodcdn.azureedge.net/ui-kit/2023-12-28-4b9e6f93/resources/img/icon-filter-btn-obligataire.png]
[lbpamprodcdn.azureedge.net/ui-kit/2023-12-28-4b9e6f93/resources/img/icon-filter-btn-diversifie.png]
[lbpamprodcdn.azureedge.net/ui-kit/2023-12-28-4b9e6f93/resources/img/icon-filter-btn-action-hover.png]
[lbpamprodcdn.azureedge.net/ui-kit/2023-12-28-4b9e6f93/resources/img/icon-filter-btn-obligataire-hover.png]
[lbpamprodcdn.azureedge.net/ui-kit/2023-12-28-4b9e6f93/resources/img/icon-filter-btn-diversifie-hover.png]
[lbpamprodcdn.azureedge.net/ui-kit/2023-12-28-4b9e6f93/resources/img/bg-product-nav-section.jpg]
[lbpamprodcdn.azureedge.net/ui-kit/2023-12-28-4b9e6f93/resources/img/bg-xs-product-nav-section.jpg]
[lbpamprodcdn.azureedge.net/ui-kit/2023-12-28-4b9e6f93/resources/img/ico-doc-sust.png]
[lbpamprodcdn.azureedge.net/ui-kit/2023-12-28-4b9e6f93/resources/img/bg-header-all-insights.jpg]
[lbpamprodcdn.azureedge.net/ui-kit/2023-12-28-4b9e6f93/resources/img/lb-career-banner.jpg]
[lbpamprodcdn.azureedge.net/ui-kit/2023-12-28-4b9e6f93/resources/img/lb-career-banner-xs.jpg]
[lbpamprodcdn.azureedge.net/ui-kit/2023-12-28-4b9e6f93/resources/img/lb-banner-home.jpg]
[lbpamprodcdn.azureedge.net/ui-kit/2023-12-28-4b9e6f93/resources/img/lb-banner-home-mobile.jpg]
[lbpamprodcdn.azureedge.net/ui-kit/2023-12-28-4b9e6f93/resources/css/custom-theme.css]
[lbpamprodcdn.azureedge.net/ui-kit/2023-12-28-4b9e6f93/resources/css/website-fonts.css]
[lbpamprodcdn.azureedge.net/ui-kit/2023-12-28-4b9e6f93/resources/css/font.css]
[lbpamprodcdn.azureedge.net/cmsmedia/data/shared/imageFolder/small-crop-[id=1307]identitypage-histoire-5f1c33be4c4eb7c7dfb2b5310d6e6d46cf7febf6.png]
[lbpamprodcdn.azureedge.net/cmsmedia/data/shared/imageFolder/lb-banner-identity-optim-7d3baa2983939976ebef52b2b43110dfa6d65206.jpg]
[lbpamprodcdn.azureedge.net/cmsmedia/data/shared/imageFolder/lb-engagement-1-364cf1714922ea6f5c4b36e55eb4ca3c4ab59ccd-8749f7ffdd117578c97103769491c9a7d796bf0f.jpg]
[lbpamprodcdn.azureedge.net/cmsmedia/data/shared/imageFolder/initiative-vdef-optim-57472bb84a0020021bdc405eaab99a94a56bd6d5.jpg]
[lbpamprodcdn.azureedge.net/cmsmedia/data/shared/imageFolder/lb-real-privacy-optim-21e0f7f3d6c04f2d9c6f609d7b75f31269da6b55.jpg]
[lbpamprodcdn.azureedge.net/cmsmedia/data/shared/imageFolder/lb-identity-last-section-096935ff03c596e8d20b339fa9ffbfae9a0d2b4b-4faeb3e4b4676280dff185a7c9365bc6bb64e35c.jpg]
[lbpamprodcdn.azureedge.net/cmsmedia/data/shared/imageFolder/lb-expertises-details-cards-section-optim-e251c4945cd88122592a7a13bfc1a203650cd83a.jpg]
[lbpamprodcdn.azureedge.net/cmsmedia/data/shared/imageFolder/histoire-100-isr-923ee4607731a88632db6a216a5442575ff59080.jpg]
[lbpamprodcdn.azureedge.net/cmsmedia/data/shared/imageFolder/vignette-excultion-e9bcbccf494ab82864e573c81e71f48585d5601b.jpg]
[lbpamprodcdn.azureedge.net/cmsmedia/data/shared/imageFolder/lb-real-privacy-optim-6718ac9c8d1f36eeb10f4834f7d096d454152b40.jpg]
[lbpamprodcdn.azureedge.net/cmsmedia/data/shared/imageFolder/lb-bg-last-section-6fb89640260de4bfdaf85fb1a92d4ff2d040b2af.jpg]
[www.lbpam.com/fr/notre-expertise/dette-privee.65.delayed]
[www.lbpam.com/publication/private/Politique_vote_2023.pdf]
[www.lbpam.com/publication/ComplianceDoc/2023_Politique_d%27exclusion_LBPAM_TFSA_VF.pdf]
[lbpamprodcdn.azureedge.net/cmsmedia/data/shared/imageFolder/trophees-am-prix-64db2e026c21ff499347ce2bf3d7359f4c25f560.jpg]
[www.lbpam.com/fr/actualite/articles/lbp-am-recoit-le-prix-de-l-innovation-digitale-funds-option-finance.html]
[lbpamprodcdn.azureedge.net/cmsmedia/data/shared/imageFolder/logo-prix-internet-19b6199cd410cfc76653593d885833779aeb6d35.jpg]
[lbpamprodcdn.azureedge.net/cmsmedia/data/shared/imageFolder/3--six-9a0ad95a4faafc15f28f2e9eef264e38513042e3.png]
[www.lbpam.com/fr/actualite/articles/alpha-league-table-2023-tocqueville-finance-sur-le-podium-pour-la-2e.html]
[lbpamprodcdn.azureedge.net/cmsmedia/data/shared/imageFolder/2--le-revenu-32ab841d86c53362ff93b53a72c90f43c3f4f515.png]
[www.lbpam.com/fr/actualite/articles/lbp-am-et-tocqueville-finance-primes-aux-trophees-du-revenu-2023.html]
[lbpamprodcdn.azureedge.net/cmsmedia/data/shared/imageFolder/0-gps--2023-a6b4c0053e2d2fc144a195f7b222eaa0ab9ddc72.jpg]
[www.lbpam.com/fr/actualite/articles/lbp-am-et-tocqueville-finance-primes-aux-grands-prix-des-sicav-mieux-vivre-votre-argent_1450.html]
[lbpamprodcdn.azureedge.net/cmsmedia/data/shared/imageFolder/2-corbeille-longterme-labanquepostale-vecto-7aa840f10452ae895c3ad9e4d5fd554403feda53.jpg]
[www.lbpam.com/fr/actualite/articles/lbp-am-primees-au-palmares-des-corbeilles-mieux-vivre-votre-argent.html]
[lbpamprodcdn.azureedge.net/cmsmedia/data/shared/imageFolder/quantalys-prix-284b4692f12bbd95b6db9034d34113ee3d67aa56.jpg]
[www.lbpam.com/fr/actualite/articles/lbp-am-laureate-de-deux-quantalys-awards-2024.html]
[lbpamprodcdn.azureedge.net/ui-kit/2023-04-28-a45b8ac7/resources/js/slick.min7f65.js]
[lbpamprodcdn.azureedge.net/ui-kit/2023-04-28-a45b8ac7/resources/js/mobileOnlySlider7f65.js]
[www.lbpam.com/fr/notre-identite/expert-de-la-finance-durable.html]
[lbpamprodcdn.azureedge.net/cmsmedia/data/shared/imageFolder/small-crop-[id=2013]lb-banner-identity-optim-1f8b6a4919a48394e152d15d01bddf7c8a3e9397.jpg]
[lbpamprodcdn.azureedge.net/cmsmedia/data/shared/imageFolder/home-page-bg-chiffres-cles-78b436a01b56b4954dcfa232c41891140898087f.jpg]
[lbpamprodcdn.azureedge.net/cmsmedia/data/shared/imageFolder/lb-bg-identite-last-279c6423b90415466ff509a6d97f2d81bc321b31.png]
[lbpamprodcdn.azureedge.net/cmsmedia/data/shared/imageFolder/aegon-3-60639e2981bdea6ca5ae0014ad518522364a356b.jpg]
[lbpamprodcdn.azureedge.net/cmsmedia/data/shared/imageFolder/batiment-morland-carre-11da49ec0d65e744988871ae9942e95b1cbbd82d.jpg]
[www.lbpam.com/publication/lbp-am_manifeste-2023.pdf]
[lbpamprodcdn.azureedge.net/cmsmedia/data/shared/imageFolder/coherence-4-22524ea568540fd78a5ccca6ab632f3a01f290d4.jpg]
[lbpamprodcdn.azureedge.net/cmsmedia/data/shared/imageFolder/exigence-vdef-a29315926cce1c80def34d272d3aaf0279e463d3.jpg]
[lbpamprodcdn.azureedge.net/cmsmedia/data/shared/imageFolder/initiative-vdef-32f93344ea5ec74dd94e10d1f4552da266f48938.jpg]
[lbpamprodcdn.azureedge.net/cmsmedia/data/shared/imageFolder/responsabilite-vdef-e2afd45aa2b0b8fc45b7d40909a7d35ab58aeb75.jpg]
[lbpamprodcdn.azureedge.net/cmsmedia/data/shared/imageFolder/esprit-equipe-1ad3c5c8cd3fa5ec5560c71a3f98dd097783e644.jpg]
[lbpamprodcdn.azureedge.net/cmsmedia/data/shared/imageFolder/esprit-equipe-optim-e02a63a228dc933a0c5b66d6694c827b35f77348.jpg]
[www.lbpam.com/fr/notre-expertise/gestion-dette-privee-corporate.html]
[lbpamprodcdn.azureedge.net/cmsmedia/data/shared/imageFolder/eau-bloc-carre-561ce843db780712f51f40d1357e881826df74de.jpg]
[www.lbpam.com/fr/actualite/articles/la-banque-postale-asset-management-devient-lbp-am.html]
[lbpamprodcdn.azureedge.net/cmsmedia/data/shared/imageFolder/lbp-am-logo-transitoire-ca3c0826c1034f314460ddfe8d4537dd0facb5fd.png]
[lbpamprodcdn.azureedge.net/ui-kit/2023-03-09-b656e332/resources/js/owl.carousel.min7f65.js]
[lbpamprodcdn.azureedge.net/ui-kit/2023-03-09-b656e332/resources/js/lb-carousel-init7f65.js]
[www.lbpam.com/fr/notre-identite/qui-sommes-nous.html]
[lbpamprodcdn.azureedge.net/widgets-assets/lbpam-career-widget/0.2.7/lbpam-career-widget7f65.js]
[lbpamprodcdn.azureedge.net/cmsmedia/data/shared/imageFolder/small-crop-[id=1337]lb-expertises-e59cc281a63d73c4a8ebaf1ab51077fa3cdd3255.png]
[lbpamprodcdn.azureedge.net/cmsmedia/data/shared/imageFolder/mourey-emmanuelle-75c43418019ad49a630dfdb6354953f7c88ff5dc.png]
[lbpamprodcdn.azureedge.net/cmsmedia/data/shared/imageFolder/sans-titre-1-83c3b73ce2f03379e9a606a796536085254aeca4.jpg]
[lbpamprodcdn.azureedge.net/cmsmedia/data/shared/imageFolder/sans-titre-efc537e4e2c83652095763b87c4527c811c413d1.jpg]
[lbpamprodcdn.azureedge.net/cmsmedia/data/shared/imageFolder/clement-gregory-2de80cac698ef535af510eec9a4130a95856fe20.jpg]
[lbpamprodcdn.azureedge.net/cmsmedia/data/shared/imageFolder/desnoes-lily-web-c0a5b89fada8a1f99d208488d9df36ec6153784f.jpg]
[lbpamprodcdn.azureedge.net/cmsmedia/data/shared/imageFolder/jaques-emmanuelle_web-4e94e1f0344aa5159ab0cd12867e6a39538518bf.jpg]
[lbpamprodcdn.azureedge.net/cmsmedia/data/shared/imageFolder/guillaume-lasserre-c79077de43a42d89c8e9f1ba0435bd6e564a7420.jpg]
[lbpamprodcdn.azureedge.net/cmsmedia/data/shared/imageFolder/sans-titre-1-731489fa1398557631f9251e6ba8af0753841943.jpg]
[lbpamprodcdn.azureedge.net/cmsmedia/data/shared/imageFolder/michel-saugne--2023-63c97a8aa416a6773e34a8a53f9be697941d3823.jpg]
[lbpamprodcdn.azureedge.net/cmsmedia/data/shared/imageFolder/mathilde-sauve-2469cd5c5c3518f2be439d444148785cecc9d41e.jpg]
[lbpamprodcdn.azureedge.net/widgets-assets/lbpam-press-widget/0.2.7/lbpam-press-widget7f65.js]
[lbpamprodcdn.azureedge.net/ui-kit/2023-09-18-a8f58a78/resources/js/scroll-out.min7f65.js]
[lbpamprodcdn.azureedge.net/ui-kit/2023-09-18-a8f58a78/resources/js/lb-custom7f65.js]
[www.lbpam.com/fr/notre-identite/gouvernance.html]
[lbpamprodcdn.azureedge.net/cmsmedia/data/shared/imageFolder/small-crop-[id=1557]coherence3-89d1367cd441a1c174b62a29f0661d05173d95f3.jpg]
[lbpamprodcdn.azureedge.net/cmsmedia/data/shared/imageFolder/climat--2B-277584ed8d1ec3fcdfad523f51752cc4a75faf9a.jpg]
[lbpamprodcdn.azureedge.net/cmsmedia/data/shared/imageFolder/biodiversite--2B-b27e2d99e9864cc05e520a9883f4499d4b143ca2.jpg]
[lbpamprodcdn.azureedge.net/cmsmedia/data/shared/imageFolder/medium-crop--5Bid-3D1629-5D-optim-a0b432f61b0dfe50e21f971ab87185e8861f05be.jpg]
[lbpamprodcdn.azureedge.net/cmsmedia/data/shared/imageFolder/daniel-olah-y-qjzs9fru0-unsplash-9c222c8e51f6ebe5c152061c411ebf25ccad3c15.jpg]
[www.lbpam.com/fr/notre-identite/notre-methode-d-analyse-isr.html]
[lbpamprodcdn.azureedge.net/cmsmedia/data/shared/imageFolder/3-ee86b95790a791e2099cac858117431886b1116b-3589b1f07932d896cba2eaff54d9d1fd6ffe7bf9.jpg]
[www.lbpam.com/fr/notre-identite/biodiversite.html]
[www.lbpam.com/publication/lbpam-tfsa_politique-de-vote-2023--281-29.pdf]
[www.lbpam.com/publication/lbpam-po_engagement-2023-creaprod-3.pdf]
[lbpamprodcdn.azureedge.net/cmsmedia/data/shared/imageFolder/biodiversite-6b6dd6f5f55aef24661de200257fb83227889756.jpg]
[www.lbpam.com/publication/ComplianceDoc/LBPAM_TFSA_Politique_Biodiversite_2022.pdf]
[lbpamprodcdn.azureedge.net/cmsmedia/data/shared/imageFolder/neutralite-carbone-cb4d86b381946c5feefa82270fe9557fbbd6a4ff.jpg]
[www.lbpam.com/publication/ComplianceDoc/LBPAM_Decarbonation_des_portefeuilles_octobre_2022.pdf]
[lbpamprodcdn.azureedge.net/cmsmedia/data/shared/imageFolder/petrole-786c9d1ba8bf8d6394fe16a4e9e5ae0abf3e09de.jpg]
[www.lbpam.com/publication/ComplianceDoc/lbpam_politique_petrole_gaz_2022.pdf]
[lbpamprodcdn.azureedge.net/cmsmedia/data/shared/imageFolder/charbon-cc37b3077fbd26cab04d4ca1f56bb6d5545ff62e.jpg]
[www.lbpam.com/publication/ComplianceDoc/Politique_Charbon_LBPAM_2021.pdf]
[www.lbpam.com/publication/ComplianceDoc/rapport_isr.pdf]
[www.lbpam.com/publication/ComplianceDoc/LBPAM_Politique_de_Vote_2023.pdf]
[www.lbpam.com/fr/notre-identite/notre-expertise-en-gestion-isr.html]
[lbpamprodcdn.azureedge.net/cmsmedia/data/shared/imageFolder/small-crop-[id=2246]biodiversite-b864682057ff208bd34a6fb253e472da19ebbe34.jpg]
[www.lbpam.com/publication/ComplianceDoc/essentiel_rse.pdf]
[www.lbpam.com/fr/actualite/articles/lbp-am-partenaire-de-la-cravate-solidaire-une-campagne-2023-fructueuse.html]
[lbpamprodcdn.azureedge.net/cmsmedia/data/shared/imageFolder/lb-employeur-rh-f4722a67a2765e93c463cfe6cac7eb250c76ac04-10c60c6263c99564fc97b3e8ea83790270f2e07f.jpg]
[lbpamprodcdn.azureedge.net/cmsmedia/data/shared/imageFolder/batiment-morland-carre-11da49ec0d65e744988871ae9942e95b1cbbd82d-7434b10950d59f610d6d142fbf617ea8db104eba.jpg]
[www.lbpam.com/fr/actualite/articles/epargner-solidaire-c-est-participer-activement-a-l-insertion-des-personnes-fragiles-dans-la-societe_1468.html]
[lbpamprodcdn.azureedge.net/cmsmedia/data/shared/imageFolder/vignette-gamme-partage-et-solidaire-a66b17c998b3c67462fce937593d02faa6aa830c.jpg]
[lbpamprodcdn.azureedge.net/cmsmedia/data/shared/imageFolder/gouvernance-responsable-optim-fa57d680b41f567e97322d03aa1981be1a80e028.jpg]
[www.lbpam.com/publication/essentiel_rse.pdf]
[www.lbpam.com/fr/notre-identite/engagements-rse.html]
[lbpamprodcdn.azureedge.net/cmsmedia/data/shared/imageFolder/small-crop-[id=1326]capture-drecran-2023-02-09-120457-85603844971d9c056d849c449211998c519573d4.png]
[lbpamprodcdn.azureedge.net/cmsmedia/data/shared/imageFolder/lb-expertises-banner-b14a5e73f92d6d6a0c284e381178f61173a8bbc9-c8a5162693fa75c145844e0c63a6310a5cf1ba73.jpg]
[lbpamprodcdn.azureedge.net/cmsmedia/data/shared/imageFolder/lb-expertises-cards-fcd6a98663c3f1aa9d5646f9a571513958c35489.png]
[lbpamprodcdn.azureedge.net/cmsmedia/data/shared/imageFolder/lb-real-privacy-7a3af85b2f16dbe857777145d9798f1220ae3d8c.png]
[lbpamprodcdn.azureedge.net/cmsmedia/data/shared/imageFolder/lb-bg-last-section-expertises-optim-323e64d206283237fe0fe596b5a598a428eb5912.jpg]
[lbpamprodcdn.azureedge.net/cmsmedia/data/shared/imageFolder/accompagnement-2-optim-985d6a684a05398501f28bf504b8dcc3f2446c2a.jpg]
[lbpamprodcdn.azureedge.net/cmsmedia/data/shared/imageFolder/photo-en-remplacement-sur-la-page-expertise-optim-198285dc4c0d4f10a2903471d4c83a2df2800a53.jpg]
[www.lbpam.com/fr/notre-expertise/gestion-dette-privee-infrastructure.html]
[www.lbpam.com/fr/notre-expertise/gestion-dette-privee-immobilier.html]
[www.lbpam.com/fr/notre-expertise/gestion-private-equity.html]
[www.lbpam.com/fr/notre-expertise/gestion-obligations-convertibles.html]
[www.lbpam.com/fr/notre-expertise/gestion-performance-absolue-et-multi-actifs.html]
[www.lbpam.com/fr/notre-expertise/gestion-allocation-dynamique.html]
[www.lbpam.com/fr/notre-expertise/gestion-diversifiee-sous-contraintes.html]
[www.lbpam.com/fr/notre-expertise/gestion-isr-smart-beta.html]
[www.lbpam.com/fr/notre-expertise/gestion-structuree.html]
[www.lbpam.com/fr/notre-expertise/gestion-action-small-mid-caps-par-tocqueville-finance.html]
[www.lbpam.com/fr/notre-expertise/gestion-actions-isr-croissance-par-tocqueville-finance.html]
[www.lbpam.com/fr/notre-expertise/gestion-blend.html]
[www.lbpam.com/fr/notre-expertise/gestion-thematiques-par-tocqueville-finance.html]
[www.lbpam.com/fr/notre-expertise/institutionnels-un-accompagnement-personnalise.html]
[www.lbpam.com/fr/notre-expertise/nos-expertises.html]
[www.lbpam.com/fr/notre-expertise/distributeurs-nos-solutions-et-fonds.html]
[lbpamprodcdn.azureedge.net/cmsmedia/data/shared/imageFolder/small-crop-[id=1350]istock-1202227531-08589e63dbd1248059cf7e095fc3e12de19e1e30.png]
[lbpamprodcdn.azureedge.net/cmsmedia/data/shared/imageFolder/lb-banner-expertise-private-d5a3b9e40c70d99ac3ec75709c1f4fc82f2be45b-1e426b464201a2168fa8207b4fdfdb35728ecada.jpg]
[lbpamprodcdn.azureedge.net/cmsmedia/data/shared/imageFolder/lb-expertises-details-cards-section-90e42e56f7e34367626294e9862db271ef81cfc3.jpg]
[lbpamprodcdn.azureedge.net/cmsmedia/data/shared/imageFolder/groupe-3879-815987e6165ccabb1879d272ab4e6cd7c8515679.png]
[lbpamprodcdn.azureedge.net/cmsmedia/data/shared/imageFolder/vincent-cornet-25bad346ae5e58a2218decbc2253f464721455db.jpg]
[lbpamprodcdn.azureedge.net/ui-kit/2023-06-02-405e14a4/resources/js/lb-counter7f65.js]
[www.lbpam.com/fr/notre-expertise/actifs-reels-prives.html]
[lbpamprodcdn.azureedge.net/cmsmedia/data/shared/imageFolder/istock-1202227531-147d473b9f226d5c066a3f326ba7dc9f959b9dcd-bc36e1cd53eb7e7b50b0d7f66fb2082108ed3334.jpg]
[lbpamprodcdn.azureedge.net/cmsmedia/data/shared/imageFolder/le-cainec_perin_web-cec91dbdcbc603d2e2c8557a7b82d83c1da70aad.jpg]
[www.lbpam.com/fr/products/fr0010617357.html]
[www.lbpam.com/fr/products/fr0014004iw3.html]
[www.lbpam.com/fr/products/fr0013341401.html]
[www.lbpam.com/fr/notre-expertise/gestion-multi-actifs-taux-performance-absolue.html]
[www.lbpam.com/fr/products/fr0013465606.html]
[lbpamprodcdn.azureedge.net/cmsmedia/data/shared/imageFolder/lb-banner-expertise-private-d5a3b9e40c70d99ac3ec75709c1f4fc82f2be45b.jpg]
[www.lbpam.com/fr/notre-expertise/gestion-solutions-quantitatives.html]
[lbpamprodcdn.azureedge.net/cmsmedia/data/shared/imageFolder/small-crop-[id=1350]istock-1202227531-24f4c14b9886d22b94b950ca3195c98999775d7f.png]
[lbpamprodcdn.azureedge.net/cmsmedia/data/shared/imageFolder/logo-tocqueville-site-web-expertise-4c00d76fe758b3c23c2e8551750591d02dc1a2c6.jpg]
[www.lbpam.com/fr/notre-expertises/gestion-thematiques-par-tocqueville-finance]
[www.lbpam.com/fr/notre-expertises/gestion-action-small-mid-caps-par-tocqueville-finance]
[www.lbpam.com/fr/notre-expertise/gestion-actions-par-tocqueville-finance.html]
[lbpamprodcdn.azureedge.net/cmsmedia/data/shared/imageFolder/small-crop-[id=1352]groupe-3880-e0550c6bd966deda50aa8fb10fe04a282d48ccca.jpg]
[lbpamprodcdn.azureedge.net/cmsmedia/data/shared/imageFolder/lb-background-news-optim-44d4e6c9186423baa1637e2421e72e8328ae4ba0.jpg]
[lbpamprodcdn.azureedge.net/cmsmedia/data/shared/imageFolder/groupe-4001-cd35c482afe69ff4626277e19fd8041c15c559f2.jpg]
[lbpamprodcdn.azureedge.net/cmsmedia/data/shared/imageFolder/microsoftteams-image--2813-29-404de805273a6c3103a29fad9f800bf39aa840ec-010aac450f842bcefba15d9cbe8ab9943be3ef85.jpg]
[www.lbpam.com/fr/actualite/portail-decryptage-marche]
[lbpamprodcdn.azureedge.net/cmsmedia/data/shared/imageFolder/janvier_24_sans-souris-13929859d44ea367c3eca11675256608355820a2.png]
[www.lbpam.com/fr/actualite/decryptage-marche/2024-une-allocation-diversifiee-et-agile.html]
[www.lbpam.com/publication/lbpam_email_agir_23_dec.pdf]
[www.lbpam.com/fr/actualite/articles.html]
[lbpamprodcdn.azureedge.net/cmsmedia/data/shared/imageFolder/trophee4-5492555f4a55dde293eb921af8eeb9cc547d99e4.jpg]
[lbpamprodcdn.azureedge.net/cmsmedia/data/shared/imageFolder/trophee-2-35ab1eb2ca98773cb4f662d2058c8db4982dc535.jpg]
[lbpamprodcdn.azureedge.net/cmsmedia/data/shared/imageFolder/trophee-3-c6d48dc4f1a9c7fb10bcb090d48683bbab90733a.jpg]
[www.lbpam.com/fr/actualite/articles/lbp-am-devoile-les-laureats-des-trophees-de-l-innovation-2023.html]
[lbpamprodcdn.azureedge.net/cmsmedia/data/shared/imageFolder/sans-titre-1-1cba404210a3775771e11f1e5ffca6c7140dfa87.jpg]
[lbpamprodcdn.azureedge.net/cmsmedia/data/shared/imageFolder/logo-acheel-6ae88be4562434cd4f3503af6101d0a82e332de4.jpg]
[lbpamprodcdn.azureedge.net/cmsmedia/data/shared/imageFolder/logo-namr-7bcfdda1405ca098b127e7113014eedee8e6f6e4.jpg]
[lbpamprodcdn.azureedge.net/cmsmedia/data/shared/imageFolder/logo-braintale-def949933263c65cf3a4154f749f2272ac605839.jpg]
[lbpamprodcdn.azureedge.net/cmsmedia/data/shared/imageFolder/carrousel-jury-trophees-innovation-2023--282-29-1053171c159a36fcebc4828ce09bb425cf4640ff.png]
[lbpamprodcdn.azureedge.net/cmsmedia/data/shared/imageFolder/josselin-kalifa-1caa224de1a78b41ba7de81bf56c7c047b1df5f7.png]
[lbpamprodcdn.azureedge.net/cmsmedia/data/shared/imageFolder/stephane-nieres-tavernier-4d5227ed72ea2fb829f6a4cc71c0aa8811903c95.png]
[lbpamprodcdn.azureedge.net/cmsmedia/data/shared/imageFolder/thibault-heckman-5a297eea40a43809caeeec13276ebe0c4b6a9c64.png]
[lbpamprodcdn.azureedge.net/cmsmedia/data/shared/imageFolder/geraldine-brasseur-7bc14ae230c8dcfe3ca118e608817a3577a74696.png]
[lbpamprodcdn.azureedge.net/cmsmedia/data/shared/imageFolder/octave-klaba-f510c2d59f9c5c482b925d12c08679d9691ae474.png]
[lbpamprodcdn.azureedge.net/cmsmedia/data/shared/imageFolder/philippe-tibi-8fe390d38840782c9d99eee4e31c1aa673c4c1b4.png]
[lbpamprodcdn.azureedge.net/cmsmedia/data/shared/imageFolder/damien-launoy-74684ed8378c7de4f653cbfb4335d0ab8b0e0156.png]
[lbpamprodcdn.azureedge.net/cmsmedia/data/shared/imageFolder/frederic-tardy-4c5563b2c0d91bf4ef40f6fb8d4d0b72f0c2688b.png]
[lbpamprodcdn.azureedge.net/cmsmedia/data/shared/imageFolder/camille-buewaert-9aae050945eb8ce02011954890cbd43ed407739d.png]
[lbpamprodcdn.azureedge.net/cmsmedia/data/shared/imageFolder/josee-sulzer-85c69bba914f24cde13815d7cfbc4ee28500a014.png]
[lbpamprodcdn.azureedge.net/cmsmedia/data/shared/imageFolder/patrick-pansier-d81cdb36ecd46da2ac8b98070c38b92fb8b9a814.png]
[lbpamprodcdn.azureedge.net/cmsmedia/data/shared/imageFolder/delphine-d-amarzit-8e549e22423ec479a1c33d8fd3502f29c3f93026.png]
[lbpamprodcdn.azureedge.net/cmsmedia/data/shared/imageFolder/rolando-grandi-bustamante-4dfef4bb69e3ccc3d82391cdd52dc3a57939c489.png]
[lbpamprodcdn.azureedge.net/cmsmedia/data/shared/imageFolder/muriel-faure-a2c98d8aa18072b86d990ed65c7adae861b9a813.png]
[lbpamprodcdn.azureedge.net/cmsmedia/data/shared/imageFolder/mailys-ferrere-8775b060c3d41db8908c47e8745b1349ebd65874.png]
[lbpamprodcdn.azureedge.net/cmsmedia/data/shared/imageFolder/thomas-rivron-36d95e964d0b27d3482a9ea93588d6404759371a.png]
[lbpamprodcdn.azureedge.net/cmsmedia/data/shared/imageFolder/antoine-rostand-942cd506ff1f135c87351e5a1f38d81175002ff9.png]
[lbpamprodcdn.azureedge.net/cmsmedia/data/shared/imageFolder/elisa-steccaglia-699404043d1c0ccc5128c343b2cc2e6d5d55180b.png]
[lbpamprodcdn.azureedge.net/cmsmedia/data/shared/imageFolder/vignette-trophees-cp-2023-39cf611db69515ff73a86df63904d5022d393cce.jpg]
[lbpamprodcdn.azureedge.net/cmsmedia/data/shared/imageFolder/trophes-innov-66a813118c5870dd6a2837ba038f051b45b65f9a.png]
[lbpamprodcdn.azureedge.net/cmsmedia/data/shared/imageFolder/img1-ti-fcaf6996e41412e2ad1c9c1b420c06b01fe9c3b5.jpg]
[lbpamprodcdn.azureedge.net/cmsmedia/data/shared/imageFolder/img2-ti-7c8afe8fd4cc83286b69b7b0f2d0dab12aa2f116.jpg]
[lbpamprodcdn.azureedge.net/cmsmedia/data/shared/imageFolder/img3-ti-1f0a228dce3f2be1138ff60107eb3b9181c283a0.jpg]
[lbpamprodcdn.azureedge.net/cmsmedia/data/shared/imageFolder/img4-ti-3d54f7450c26208fec01e0ddf0198952fc4d3173.jpg]
[lbpamprodcdn.azureedge.net/cmsmedia/data/shared/imageFolder/img5-ti-3f57c56de5b5dcd3a4ff77382e21012783e046c6.jpg]
[lbpamprodcdn.azureedge.net/cmsmedia/data/shared/imageFolder/img6-ti-4dcff7b25bc72ca85fb4ad5e084631ac1f3ae801.jpg]
[lbpamprodcdn.azureedge.net/cmsmedia/data/shared/imageFolder/img7-ti-946e67d0553bb038cde941bd7e2759ac85081829.jpg]
[lbpamprodcdn.azureedge.net/cmsmedia/data/shared/imageFolder/img8-ti-e3b50f1989937f5c27d79b0cf37f3fe01d687fbc.jpg]
[www.lbpam.com/fr/tech-isr/trophees-de-l-innovation.html]
[lbpamprodcdn.azureedge.net/cmsmedia/data/shared/imageFolder/vignette-immeuble-carre-940affb664f8aeab299547ab19e91bdf4bada7b7.jpg]
[www.lbpam.com/fr/products/fr0000446296.html]
[www.lbpam.com/fr/actualite/articles/le-digital-lab-de-lbp-am-l-innovation-au-service-de-l-extra-financier_1447.html]
[lbpamprodcdn.azureedge.net/cmsmedia/data/shared/imageFolder/data-lab-v2-56adbe4c496c1434d4789b3bf67714cac117452c.jpg]
[lbpamprodcdn.azureedge.net/cmsmedia/data/shared/imageFolder/les-trophees-de-l-inno-v2-2b60dc84352485b51d2083493dcf79eaf3a3b815.jpg]
[www.lbpam.com/fr/actualite/articles/manaos-enrichit-son-offre-de-donnees-extra-financieres-en-cooperation-avec-lbp-am.html]
[lbpamprodcdn.azureedge.net/cmsmedia/data/shared/imageFolder/manaos-carre-tech-isr-919f14d7877ebf9444ec4162b7c5f1880fc7025b.jpg]
[www.lbpam.com/fr/tech-isr/tech-isr-lbp-am.html]
[lbpamprodcdn.azureedge.net/cmsmedia/data/shared/imageFolder/small-crop-[id=1359]lbpam_touslesarticles-006821784452fb0a3233a9ff6629d64389c78496.jpg]
[lbpamprodcdn.azureedge.net/cmsmedia/data/shared/imageFolder/lb-hero-banner-6518840c052e7a80630c24fa158daf94d6601554.jpg]
[www.lbpam.com/fr/actualite/tous-les-articles.html]
[lbpamprodcdn.azureedge.net/cmsmedia/data/shared/imageFolder/small-crop-[id=2038]vignette-decryptage-61d0ae4aaaa444f85baec43dfc2753399a1f3cbb.jpg]
[lbpamprodcdn.azureedge.net/cmsmedia/data/shared/imageFolder/adobestock_271770274-dbf1c7de851327c3724970a9a6ffe97ec3c5b4c7.jpg]
[lbpamprodcdn.azureedge.net/cmsmedia/data/shared/imageFolder/decarboner-biodiversite-efe52fe188526881a44e67f4c1499d32cd57ce27.jpg]
[lbpamprodcdn.azureedge.net/cmsmedia/data/shared/imageFolder/flower-optim-d2745463282eb46440c0fd6a772a1c1b631e5528.jpg]
[www.lbpam.com/fr/actualite/decryptage-marche/tous-les-decryptages-marches]
[www.lbpam.com/fr/actualite/portail-decryptage-marche/tous-les-decryptages-marches.html]
[www.lbpam.com/fr/actualite/decryptage-marche/des-perspectives-plus-constructives-mais-pas-parfaites.html]
[lbpamprodcdn.azureedge.net/cmsmedia/data/shared/imageFolder/capture-drecran-2023-02-21-101809-d49d3aacf237ad2037bf8332dcd701d61909cd95-7cd10934c6b19b5ab87b4413779817163e5985e0.jpg]
[lbpamprodcdn.azureedge.net/cmsmedia/data/shared/imageFolder/pexels-sevenstorm-juhaszimrus-575392-b3b72597feed4c33a88488dacaa9642f9cc1804a-bfe4950a9767d3430fcf6ae2905b5277f2d21713.jpg]
[www.lbpam.com/publication/private/Flash_marche_02-2023.pdf]
[www.lbpam.com/fr/actualite/portail-decryptage-marche/decryptages-marches-lbp-am.html]
[lbpamprodcdn.azureedge.net/cmsmedia/data/shared/imageFolder/small-crop-[id=1375]adobestock_354007466_preview-ba0ad7d016b483980ce562dcf033361831211975.png]
[www.lbpam.com/fr/publications/publications-rapports.html]
[lbpamprodcdn.azureedge.net/widgets-assets/lbpam-document-page/0.2.10/lbpam-document-page7f65.js]
[lbpamprodcdn.azureedge.net/cmsmedia/data/shared/imageFolder/small-crop-[id=1376]capture-d-ecran-2023-05-16-145156-1a6d6f6d4cb089c131753f5de21d0c304b5c1585.png]
[lbpamprodcdn.azureedge.net/cmsmedia/data/shared/imageFolder/adobestock_271770264-0eb3920cf7633358cb580dfd1012c5cb8b549bdc.jpg]
[lbpamprodcdn.azureedge.net/cmsmedia/data/shared/imageFolder/xavier-chapard-d48a5f5c8b84e65e005c445479e77020c2a3dbe1.jpg]
[lbpamprodcdn.azureedge.net/cmsmedia/data/shared/imageFolder/charrier-helena-e29e8b1e71d2193a2e83e7597a63d1b9703aff02.jpg]
[lbpamprodcdn.azureedge.net/cmsmedia/data/shared/imageFolder/rozenn-le-cainec-f34b2af5ba7b27c18013fa1f2aa8fd180817c267.jpg]
[lbpamprodcdn.azureedge.net/cmsmedia/data/shared/imageFolder/emmabuelle-mourey-eeb639539c2c848bafe9a9ea5c0f40a9ea86da2f.jpg]
[lbpamprodcdn.azureedge.net/cmsmedia/data/shared/imageFolder/sebastien-paris-horvitz-51df457a5503211f5db2f13c29eeca52624d140f.jpg]
[lbpamprodcdn.azureedge.net/cmsmedia/data/shared/imageFolder/perin-brice-d330691d0da38c8de39dd8f1b5a25be1689c539d.jpg]
[www.lbpam.com/fr/espace-presse/communiques-de-presse.html]
[lbpamprodcdn.azureedge.net/cmsmedia/data/shared/imageFolder/small-crop-[id=1317]lb-carriere-banner-3c11aa47a6f921c02ae6f1a17e3cd3317787c9c6.png]
[lbpamprodcdn.azureedge.net/cmsmedia/data/shared/imageFolder/coherence-4-optim-67206410342de107cd922691c844bee94d9658ad.jpg]
[lbpamprodcdn.azureedge.net/cmsmedia/data/shared/imageFolder/exigence-vdef-optim-0f258a6240514272d1a764a2079b80af0a306027.jpg]
[lbpamprodcdn.azureedge.net/cmsmedia/data/shared/imageFolder/responsabilite-vdef-optim-a03d042f4e4b3d0c21c81ad9846a70e0432375c5.jpg]
[lbpamprodcdn.azureedge.net/cmsmedia/data/shared/imageFolder/lb-metier-rh-ccdb9fbac49dd0c5de627d9f1cf505e03a40050b-6158a242c4646400d1902fa7da718933a5d9d770.jpg]
[lbpamprodcdn.azureedge.net/cmsmedia/data/shared/imageFolder/dimitri-metiers-b2612b31b08b30ed2e8aa3fb6184345d450ac42f.jpg]
[lbpamprodcdn.azureedge.net/cmsmedia/data/shared/imageFolder/henriette-metiers-3658a92ad202dcfa5c26ba1526f07e425080a1ae.jpg]
[lbpamprodcdn.azureedge.net/cmsmedia/data/shared/imageFolder/marco-metiers-3927d3bf4af84de598b750a92d969ea3f2b8783a.jpg]
[lbpamprodcdn.azureedge.net/cmsmedia/data/shared/imageFolder/noemie-metiers-65b2c78a8044848cf07db03e2491673560a60501.jpg]
[lbpamprodcdn.azureedge.net/cmsmedia/data/shared/imageFolder/lily-metiers-ee601b34322a335c8885dfd816e09f665ce7fea1.jpg]
[www.lbpam.com/fr/carrieres/un-sens-aigu-du-collectif.html]
[lbpamprodcdn.azureedge.net/cmsmedia/data/shared/imageFolder/small-crop-[id=1794]media-actualites-internet-2520lbpam-2520-2520miniature-2520hp-2520-2526-2520-2520hub-2520actu-2520-252822-2529-b94779404f3a6f0a8e76d505]
[lbpamprodcdn.azureedge.net/ui-kit/2023-07-10-d65a60a9/resources/js/owl.carousel.min7f65.js]
[lbpamprodcdn.azureedge.net/ui-kit/2023-07-10-d65a60a9/resources/js/lb-carousel-init7f65.js]
[lbpamprodcdn.azureedge.net/ui-kit/2023-07-10-d65a60a9/resources/js/slick.min7f65.js]
[lbpamprodcdn.azureedge.net/ui-kit/2023-07-10-d65a60a9/resources/js/mobileOnlySlider7f65.js]
[www.lbpam.com/fr/carrieres/liste-des-postes.html]
[lbpamprodsa.blob.core.windows.net/widgets-assets/lbpam-fund-finder/resources/js/lbpam-fund-finder7f65.js]
[www.lbpam.com/fr/nos-fonds/fund-finder.html]
[lbpamprodcdn.azureedge.net/cmsmedia/data/shared/imageFolder/small-crop-[id=2574]header-biodiversite-2a65cbbca922fd927a3f693f4e50cfe14c75e74a.jpg]
[lbpamprodcdn.azureedge.net/cmsmedia/data/shared/imageFolder/header-biodiversite-d1f132c3308a31c4c2dcf3efdc25cd186c9d2498.jpg]
[lbpamprodcdn.azureedge.net/cmsmedia/data/shared/imageFolder/france_is_back__-10b1c2bb40af8bda74c3abef6ab05d18e2b3e414.jpg]
[www.lbpam.com/fr/notre-identite/france-is-back.html]
[www.lbpam.com/fr/notre-identite/territoires.html]
[www.lbpam.com/fr/notre-identite/gamme-citoyenne-vers-une-societe-plus-solidaire.html]
[lbpamprodcdn.azureedge.net/cmsmedia/data/shared/imageFolder/small-crop-[id=2575]header-climat-157e5dd9a20aa11bbfc0ee3d19dd1da39e9d3f0b.jpg]
[lbpamprodcdn.azureedge.net/cmsmedia/data/shared/imageFolder/lb-expertises-optim-8e5c094c358e76d3104319dc897ee86189f02472.jpg]
[lbpamprodcdn.azureedge.net/cmsmedia/data/shared/imageFolder/preparer-apres-energies-fossiles-c33a12a648d64d90711933f4aa3b6814e84dde0e.jpg]
[lbpamprodcdn.azureedge.net/cmsmedia/data/shared/imageFolder/entreprises-francaises-2-8611a354d810cbe53a50c46ff2e426510b75fb0c-9f3865c5a6f97402e3dd3a6c8afc119673f3c55a.jpg]
[lbpamprodcdn.azureedge.net/cmsmedia/data/shared/imageFolder/funds-360-podcast-873d8fc6e74a8760cf0f82a26f4b4c68c755b788.jpg]
[www.lbpam.com/fr/notre-identite/climat.html]
[www.lbpam.com/fr/products/fr0013183464.html]
[lbpamprodcdn.azureedge.net/cmsmedia/data/shared/imageFolder/small-crop-[id=2250]vignette-generique-f14070e8ed91e9c8155fb79c7d37464b8841f27a.jpg]
[www.lbpam.com/fr/avertissement/tentatives-de-fraude.html]
[lbpamprodcdn.azureedge.net/cmsmedia/data/shared/imageFolder/small-crop-[id=3062]prix-de-la-finance-durable-9bd1f0140abcee60bd1371efce3fa47687f1bdc6.jpg]
[lbpamprodcdn.azureedge.net/cmsmedia/data/shared/imageFolder/groupe-3880-31bd596f5b1d2243a8cf956da2c0ff0f8eeeb6a4.jpg]
[lbpamprodcdn.azureedge.net/cmsmedia/data/shared/imageFolder/lb-actualite-rh-0f13e1739f104b12e74d34b1008dee4c8e8b446a.png]
[lbpamprodcdn.azureedge.net/cmsmedia/data/shared/imageFolder/sans-titre-1-4a223dc6118067ffbb2dc58d27189e2593b2819d.jpg]
[www.lbpam.com/fr/actualite/articles/lbp-am-recoit-le-prix-de-la-finance-durable-de-l-agefi.html]
[www.lbpam.com/fr/actualite/articles/la-banque-postale-asset-management-et-tocqueville-finance-devoilent-leur-politique-biodiversite-1385.html]
[lbpamprodcdn.azureedge.net/cmsmedia/data/shared/imageFolder/lb-expertises-52a73a103891397dd72c85b361c6c617b394d317.png]
[lbpamprodsa.blob.core.windows.net/widgets-assets/lbpam-marketing-form/resources/css/lbpam-marketing-form.css]
[lbpamprodsa.blob.core.windows.net/widgets-assets/lbpam-marketing-form/resources/js/lbpam-marketing-form7f65.js]
[www.lbpam.com/fr/contact/contact-lbp-am.html]
[lbpamprodcdn.azureedge.net/cmsmedia/data/shared/imageFolder/small-crop-[id=1423]switzerland-in-pictures-f9bc48dbd9413b4d9049c55b5b4c54b1f9f85805.jpg]
[www.lbpam.com/publication/ComplianceDoc/Politique_de_traitement_des_demandes_d%27informations_ou_des_r%25C3%25A9clamation_clients.pdf]
[www.lbpam.com/fr/mentions-legales/conditions-generales-d-utilisation-du-site.html]
[www.lbpam.com/fr/mentions-legales/mentions-legales.html]
[lbpamprodcdn.azureedge.net/cmsmedia/data/shared/imageFolder/small-crop-[id=1448]mesurabilite-171ad0381ada43fbc68945116283c45adae9bb5f.jpg]
[www.lbpam.com/fr/donnees-personnelles/politique-de-protection-des-donnees-personnelles-lbp-am.html]
[lbpamprodcdn.azureedge.net/cmsmedia/data/shared/imageFolder/small-crop-[id=1444]eco-numerique-8245d7c5ee8ccaa6732648d46ae949cfb560285c.jpg]
[www.lbpam.com/fr/mailto_privacy@lbpamcd51.fr]
[www.lbpam.com/fr/donnees-personnelles/informations-sur-les-cookies.html]
[lbpamprodcdn.azureedge.net/ui-kit/2023-12-28-4b9e6f93/resources/css/owl.video.play.png]
[lbpamprodcdn.azureedge.net/cmsmedia/data/shared/imageFolder/small-crop-[id=3003]prix-fiannce-durable-carre-619bc6804ce8b873e980a5bb87baa1dab8b4c7a2.jpg]
[lbpamprodcdn.azureedge.net/cmsmedia/data/shared/imageFolder/vignette-prix-inno-digitale-f7ce2a10ee111c8e1a8bb1a4494915b8da18d429.jpg]
[www.lbpam.com/fr/actualite/articles/lbp-am-recoit-le-prix-de-l-innovation-digitale-funds-option-finance.html]
[lbpamprodcdn.azureedge.net/cmsmedia/data/shared/imageFolder/small-crop-[id=1982]visuel-nouveau-site-f363d11f77cbaed5f0edb0964b7c9336f2d6cb51.jpg]
[www.lbpam.com/fr/actualite/articles/alpha-league-table-2023-tocqueville-finance-sur-le-podium-pour-la-2e.html]
[lbpamprodcdn.azureedge.net/cmsmedia/data/shared/imageFolder/media-actualites-juin2023-alpha-league-2023-article-web-61b25911a163133f87d5809ae3f0ce3708d0235c.jpg]
[lbpamprodcdn.azureedge.net/cmsmedia/data/shared/imageFolder/small-crop-[id=2078]trophee-fond-bleu-optim-18a6846a531df768347c1e3f2456414912d4d21b.jpg]
[lbpamprodcdn.azureedge.net/cmsmedia/data/shared/imageFolder/articles-internet-lbpam--2821-29-9b55bc19cb718edf2172c5efec34031207a7d063-946bc4451a0d4878e4d380d4496d1fe5e0dadad7.jpg]
[www.lbpam.com/fr/actualite/articles/lbp-am-et-tocqueville-finance-primes-aux-trophees-du-revenu-2023.html]
[lbpamprodcdn.azureedge.net/cmsmedia/data/shared/imageFolder/small-crop-[id=1889]img-prix-sicav-20042023-689d762f45e0ab8f5d8dc6253e4f83f31a493031.jpg]
[lbpamprodcdn.azureedge.net/cmsmedia/data/shared/imageFolder/media-actualites-img-prix-sicav-20042023-4257fae5cd78e9a7a9245db60e561c646d33b3cb.jpg]
[www.lbpam.com/fr/actualite/articles/lbp-am-et-tocqueville-finance-primes-aux-grands-prix-des-sicav-mieux-vivre-votre-argent_1450.html]
[lbpamprodcdn.azureedge.net/cmsmedia/data/shared/imageFolder/small-crop-[id=2867]sans-titre-1-132ec1b0b51c64c530e6be6b94b268e4b47461d1.jpg]
[lbpamprodcdn.azureedge.net/cmsmedia/data/shared/imageFolder/sans-titre-2-aaa0b9fc581a9e84d3a38edf15a285f40a82d56b.jpg]
[www.lbpam.com/fr/actualite/articles/lbp-am-primees-au-palmares-des-corbeilles-mieux-vivre-votre-argent.html]
[lbpamprodcdn.azureedge.net/cmsmedia/data/shared/imageFolder/small-crop-[id=3116]dimension-minature-site-lbp-am-fr-968a5129ae5d7b008168183487339802eb9e36b0.jpg]
[lbpamprodcdn.azureedge.net/cmsmedia/data/shared/imageFolder/quantalys-prix-901403ccb3ba2648a70d4dc923393de675e6f1e4.jpg]
[www.lbpam.com/fr/actualite/articles/lbp-am-laureate-de-deux-quantalys-awards-2024.html]
[lbpamprodcdn.azureedge.net/cmsmedia/data/shared/imageFolder/isabelle-luy-landes-0a28e1946ec8899b0487d90d74cc45d1713f7f2b.jpg]
[www.lbpam.com/fr/notre-expertise/gestion-dette-privee-corporate.html]
[lbpamprodcdn.azureedge.net/cmsmedia/data/shared/imageFolder/labanquepostale-asset-management-devient-lbpam-5ac4f99e735778355cd7f024a05bbfea983edc5f.jpg]
[www.lbpam.com/publication/20230615_communique_nouvelle-identite-lbp-am.pdf]
[www.lbpam.com/publication/avis-internet_lbpam---changement-de-nom.pdf]
[www.lbpam.com/fr/actualite/articles/la-banque-postale-asset-management-devient-lbp-am.html]
[lbpamprodcdn.azureedge.net/cmsmedia/data/shared/imageFolder/small-crop-[id=2084]medium-crop--5Bid-3D1988-5Dvignette_bloc_transitoire_lbpam_555x520---fond-visuel-ac-optim-b8d48ed11a76e306186bf82d2f7704dcd86f938a.192]
[lbpamprodcdn.azureedge.net/cmsmedia/data/shared/imageFolder/small-crop-[id=2257]lb-banner-home-783c738e31e2bb7e192b5ca17a533d2ff3a8fca9-fb09f27fc02ec9030c0e36219b58c0a7ad37de8a.jpg]
[lbpamprodcdn.azureedge.net/cmsmedia/data/shared/imageFolder/herbe-globe-fc0e318bdc257390e7013999152cde7a073135dd.jpg]
[lbpamprodcdn.azureedge.net/cmsmedia/data/shared/imageFolder/boule-cristal-isr-optim-8208d4d7aa676ea3ff805cd74aa1fbd46ae35bc9.jpg]
[lbpamprodcdn.azureedge.net/cmsmedia/data/shared/imageFolder/environnement-eau-optim-0151bafc7359e552a7b1185cae4168fab2c4b0ac.jpg]
[lbpamprodcdn.azureedge.net/cmsmedia/data/shared/imageFolder/emetteurs-souverains-optim-e2f59c9d6f732bc589d249451975356114eeb094.jpg]
[lbpamprodcdn.azureedge.net/cmsmedia/data/shared/imageFolder/actifs-reels-prives-81a6c2210410072416e3485c7e9343a8186fdd1d-optim-207093291f417342b6838bebc15c73ac2e9744cd.jpg]
[lbpamprodcdn.azureedge.net/cmsmedia/data/shared/imageFolder/solidarite-optim-e51e392831a5741c3a254a3847a5379905ef11f5.jpg]
[www.lbpam.com/fr/notre-identite/notre-methode-d-analyse-isr.html]
[lbpamprodcdn.azureedge.net/cmsmedia/data/shared/imageFolder/lb-bg-expertises-127692a1190839d9744b16bf962ec4b35da1f986-e16bf0565050085e19fa6a44d875d48f3cf9d431.jpg]
[www.lbpam.com/publication/ComplianceDoc/politique_biodiversite.pdf]
[lbpamprodcdn.azureedge.net/cmsmedia/data/shared/imageFolder/art-dans-les-murs-905753a5004b032a4a775cd58ceef1065dea08b2.jpg]
[www.lbpam.com/fr/notre-identite/biodiversite.html]
[lbpamprodcdn.azureedge.net/cmsmedia/data/shared/imageFolder/small-crop-[id=3064]sans-titre-2-323495b3e2cd03f01c81f5473a07adcf74886d35.jpg]
[lbpamprodcdn.azureedge.net/cmsmedia/data/shared/imageFolder/sans-titre-1-66e32dc2e1841646119dc68b9527d8ad713f24b7.jpg]
[www.lbpam.com/fr/actualite/articles/lbp-am-partenaire-de-la-cravate-solidaire-une-campagne-2023-fructueuse.html]
[www.lbpam.com/fr/actualite/articles/emmanuelle-mourey-recoit-le-prix-de-l-am-leader-de-l-agefi.html]
[lbpamprodcdn.azureedge.net/cmsmedia/data/shared/imageFolder/small-crop-[id=2150]medium-crop--5Bid-3D1606-5D-optim-3dd6dfa207c32d120ecd7e6fd79ccf35da9cca15.jpg]
[lbpamprodcdn.azureedge.net/cmsmedia/data/shared/imageFolder/media-actualites-mai-25202023-rozenn-21a96b29eaf277f05aa7175269fc225531eb0f64.jpg]
[www.lbpam.com/fr/notre-identite/isr]
[www.lbpam.com/fr/notre-identite/vers-une-societe-plus-solidaire]
[www.lbpam.com/fr/actualite/articles/epargner-solidaire-c-est-participer-activement-a-l-insertion-des-personnes-fragiles-dans-la-societe_1468.html]
[lbpamprodcdn.azureedge.net/cmsmedia/data/shared/imageFolder/media-actualites-mai-25202023-le-cainec-rozenn-d744c429b1240de0826ff537b8ba1523f712d649.jpg]
[lbpamprodcdn.azureedge.net/cmsmedia/data/shared/imageFolder/berenice-arbona-083354f1db840d4b4d58463929a05fc2aea31795.jpg]
[www.lbpam.com/fr/notre-expertise/gestion-dette-privee-infrastructure.html]
[www.lbpam.com/fr/notre-expertise/gestion-dette-privee-immobilier.html]
[lbpamprodcdn.azureedge.net/cmsmedia/data/shared/imageFolder/gregory-clemente-d59d1f15b9ee6142a91d8f44d9a84958dd2c9c34.jpg]
[www.lbpam.com/fr/notre-expertise/gestion-private-equity.html]
[lbpamprodcdn.azureedge.net/cmsmedia/data/shared/imageFolder/brice-perin-96e6a618d88b430d55a6be0228de1aec27cd364e.jpg]
[www.lbpam.com/fr/notre-expertise/gestion-obligations-convertibles.html]
[www.lbpam.com/fr/notre-expertise/gestion-performance-absolue-et-multi-actifs.html]
[www.lbpam.com/fr/notre-expertise/gestion-allocation-dynamique.html]
[lbpamprodcdn.azureedge.net/cmsmedia/data/shared/imageFolder/rozenn-le-cainec-c8f56608b141df2b4474cf3502a8d6dd11f7b716.jpg]
[www.lbpam.com/fr/notre-expertise/gestion-diversifiee-sous-contraintes.html]
[www.lbpam.com/fr/products/fr0010613323.html]
[www.lbpam.com/fr/products/fr0010613315.html]
[www.lbpam.com/fr/products/fr0013245982.html]
[www.lbpam.com/fr/products/fr0013323102.html]
[www.lbpam.com/fr/notre-expertise/gestion-isr-smart-beta.html]
[www.lbpam.com/fr/notre-expertise/gestion-structuree.html]
[www.lbpam.com/fr/products/fr0013262466.html]
[www.lbpam.com/fr/products/fr0011608447.html]
[www.lbpam.com/fr/notre-expertise/gestion-action-small-mid-caps-par-tocqueville-finance.html]
[www.lbpam.com/fr/products/fr0010546903.html]
[lbpamprodcdn.azureedge.net/cmsmedia/data/shared/imageFolder/christine-lebreton-da6ba9b9b303cf4e5f556d1e5e5c5017c8f56c86.jpg]
[lbpamprodcdn.azureedge.net/cmsmedia/data/shared/imageFolder/giordmaina-yann_web-bc1ed702f084be2271da7c4185c890b00fbb806f.jpg]
[www.lbpam.com/fr/products/fr0013240918.html]
[www.lbpam.com/fr/notre-expertise/gestion-actions-isr-croissance-par-tocqueville-finance.html]
[www.lbpam.com/fr/products/fr0010600239.html]
[lbpamprodcdn.azureedge.net/cmsmedia/data/shared/imageFolder/small-crop-[id=2263]lb-expertises-banner-b14a5e73f92d6d6a0c284e381178f61173a8bbc9-501a2595714549aa0d233d0641468cfcc1a384f7.jpg]
[www.lbpam.com/fr/products/fr0010302661.html]
[www.lbpam.com/fr/notre-expertise/gestion-blend.html]
[www.lbpam.com/fr/products/fr0010305946.html]
[www.lbpam.com/fr/products/fr0010750919.html]
[www.lbpam.com/fr/products/fr001400bqj4.html]
[www.lbpam.com/fr/products/fr0013345667.html]
[www.lbpam.com/fr/products/fr0010613380.html]
[www.lbpam.com/fr/products/fr0013529922.html]
[www.lbpam.com/fr/notre-expertise/gestion-thematiques-par-tocqueville-finance.html]
[www.lbpam.com/fr/products/fr0013277522.html]
[lbpamprodcdn.azureedge.net/cmsmedia/data/shared/imageFolder/mathilde-sauve-bbac4acaee3742944dbfc978a9aa7cc62609f9b4.jpg]
[lbpamprodcdn.azureedge.net/cmsmedia/data/shared/imageFolder/investisseuroffre-1ca3a8afb740a5da0d0769b129cfadbf6a649b52.png]
[www.lbpam.com/fr/notre-expertise/institutionnels-un-accompagnement-personnalise.html]
[lbpamprodcdn.azureedge.net/cmsmedia/data/shared/imageFolder/caroline-freslet-desclaux-9941f7fb3bd5accb53a92b50b10d4d940254548c.jpg]
[lbpamprodcdn.azureedge.net/cmsmedia/data/shared/imageFolder/logo-tocqueville-carre-bd-94ddbcf4a364af3dcb058417577f4e1eba08b2f2.png]
[www.lbpam.com/fr/notre-expertise/distributeurs-nos-solutions-et-fonds.html]
[lbpamprodcdn.azureedge.net/cmsmedia/data/shared/imageFolder/little-waves-calm-sea-somewhere-greece-828f3bcc5125a77b765e5c51de2bfd5e59a4523b.png]
[lbpamprodcdn.azureedge.net/ui-kit/2023-12-28-4b9e6f93/resources/css/bootstrap-datepicker.min.css]
[upload.wikimedia.org/wikipedia/fr/e/ec/Label_ISR_logo.png]
[lbpampreprodcdn2.azureedge.net/cmsmedia/data/shared/imageFolder/productImages/fundMangers/francksega.jpg]
[www.lbpam.com/publication/FundDoc/RGG/FR0000003592/FR0000003592_RGG_20231229_FR_FR.pdf]
[www.lbpam.com/publication/FundDoc/PC/AMF/AMF_PC_FCP+LBPAM+ISR+ACTIONS+FRANCE_20231215_FR_FR.pdf]
[www.lbpam.com/publication/FundDoc/DICI/FR0000003592/FR0000003592_DICI_FCP+LBPAM+ISR+ACTIONS+FRANCE+C_20231215_FR_FR.pdf]
[lbpamprodcdn.azureedge.net/ui-kit/2023-12-28-4b9e6f93/resources/js/readmore.min.js]
[lbpamprodcdn.azureedge.net/ui-kit/2023-12-28-4b9e6f93/resources/js/bootstrap-datepicker.min.js]
[www.lbpam.com/fr/products/fr0010617357.html]
[www.lbpam.com/fr/products/fr0014004iw3.html]
[www.lbpam.com/fr/products/fr0013341401.html]
[www.lbpam.com/fr/products/fr0013465606.html]
[www.lbpam.com/fr/actualite/portail-decryptage-marche.html]
[lbpamprodcdn.azureedge.net/cmsmedia/data/shared/imageFolder/small-crop-[id=3160]janvier_24_sans-souris-d4fea5fb69ed987ddea14ee6cfaad78db4bee943.png]
[lbpamprodcdn.azureedge.net/cmsmedia/data/shared/imageFolder/janvier_24_rectangle-9f8e19e9bc760e9f8e78d3fd8e660bace39b4c54.png]
[www.lbpam.com/fr/actualite/decryptage-marche/2024-une-allocation-diversifiee-et-agile.html]
[lbpamprodcdn.azureedge.net/widgets-assets/lbpam-product-page/0.2.17/lbpam-product-page.js]
[lbpamprodcdn.azureedge.net/cmsmedia/data/shared/imageFolder/small-crop-[id=2909]trophees-2023-carre-9f98bc6e3ffcbb09903a75f4121d54f6f3639149.jpg]
[www.lbpam.com/publication/20231108_cp-lbp-am-trophees-de-l-innovation-2023.pdf]
[www.lbpam.com/fr/actualite/articles/lbp-am-devoile-les-laureats-des-trophees-de-l-innovation-2023.html]
[www.lbpam.com/fr/products/fr0000446296.html]
[lbpamprodcdn.azureedge.net/cmsmedia/data/shared/imageFolder/small-crop-[id=2055]le-l-digital-lab-r-de-lbp-am-lrinnovation-optim-e3b30a56b0ddb9ae7c7b561e71d7e683cafb7451.jpg]
[lbpamprodcdn.azureedge.net/cmsmedia/data/shared/imageFolder/le-l-digital-lab-r-de-lbp-am-lrinnovation-optim-27b8d812d4fff0d41e356986246ecdd280c48179-358d72331c26e0eb3500028d89ee7cd4d040efc1.jpg]
[www.lbpam.com/fr/actualite/articles/le-digital-lab-de-lbp-am-l-innovation-au-service-de-l-extra-financier_1447.html]
[lbpamprodcdn.azureedge.net/cmsmedia/data/shared/imageFolder/small-crop-[id=2877]manaos-carrefr-def-18b36c82e954a293cf1ea617512b3e6feda4c5af.jpg]
[lbpamprodcdn.azureedge.net/cmsmedia/data/shared/imageFolder/article-manaos-cefe4ce4470b9dd389b850ac034cc27598a75f38.jpg]
[www.lbpam.com/publication/20231026_cp-lbpam_manaos_vf.pdf]
[www.lbpam.com/fr/actualite/articles/manaos-enrichit-son-offre-de-donnees-extra-financieres-en-cooperation-avec-lbp-am.html]
[lbpamprodcdn.azureedge.net/cmsmedia/data/shared/imageFolder/small-crop-[id=1536]aegon-0d65f571131be9e93604f4356036bbf0ad2d8d27.jpg]
[www.lbpam.com/fr/actualite/portail-decryptage-marche/tous-les-decryptages-marches.html]
[lbpamprodcdn.azureedge.net/cmsmedia/data/shared/imageFolder/small-crop-[id=3147]illustration-lettre-sstrat-janvier-2024-32b5dab8088b6bfe40a1c1bf805626a65e76024a.jpg]
[lbpamprodcdn.azureedge.net/cmsmedia/data/shared/imageFolder/illustration-lettre-sstrat-janvier-2024-377009560fa2e7324ca73e16b8a89b0fcfe951bf.jpg]
[lbpamprodcdn.azureedge.net/cmsmedia/data/shared/imageFolder/lettre-strat-janvier-5d242088af2b366fcca6a0e13aefb63de03a442f.png]
[www.lbpam.com/publication/2024-01-lettre-strategie-investissement-1.pdf]
[www.lbpam.com/fr/actualite/decryptage-marche/des-perspectives-plus-constructives-mais-pas-parfaites.html]
[lbpamprodsa.blob.core.windows.net/widgets-assets/lbpam-fund-finder/resources/css/lbpam-fund-finder.css]
[lbpamprodcdn.azureedge.net/cmsmedia/data/shared/imageFolder/design-sans-titre--2822-29-e1f0c90e08fd5f3a218f6a9419886ebde2f99392.png]
[www.lbpam.com/publication/ComplianceDoc/LBPAM_plaquette_France_is_BackEngagt_Territoires__cre%25CC%2581aprod_2.pdf]
[www.lbpam.com/fr/actualite/articles/france-is-back-fait-etape-a-lyon-coup-de-projecteur.html]
[lbpamprodcdn.azureedge.net/cmsmedia/data/shared/imageFolder/fib--v10-36bfced17f2969091486f3eae7c457e038a0013d.jpg]
[lbpamprodcdn.azureedge.net/cmsmedia/data/shared/imageFolder/img-podcasts-ddc5957aea4bd1d2c1562f783ae06fd11dc954d0.jpg]
[www.lbpam.com/fr/notre-identite/france-is-back.html]
[lbpamprodcdn.azureedge.net/cmsmedia/data/shared/imageFolder/small-crop-[id=2573]header-gamme-solidaire-efbb597891105b5dd566ab96e3a12f2ff4f0a2e1.jpg]
[lbpamprodcdn.azureedge.net/cmsmedia/data/shared/imageFolder/header-gamme-solidaire-fe5c05b7ee626f99e35dd7b3d2b99393044fe2b8.jpg]
[www.lbpam.com/fr/actualite/articles/gamme-de-partage-de-lbp-am-et-tocqueville-finance.html]
[lbpamprodcdn.azureedge.net/cmsmedia/data/shared/imageFolder/siel-bleu-fond-vert-817e609654a20b41687745fe88a67a98a36a1116.jpg]
[lbpamprodcdn.azureedge.net/cmsmedia/data/shared/imageFolder/nature-2050-fond-vert-8e5544cc54b8ec4cab2e77af54d9186525d59391.jpg]
[lbpamprodcdn.azureedge.net/cmsmedia/data/shared/imageFolder/louvre-fond-dotation---00f0fc647d3ea02a5021bfa4da6d6b6f257da733.jpg]
[lbpamprodcdn.azureedge.net/cmsmedia/data/shared/imageFolder/droits-humains-1a6066404d940fb1227797a9ed257a30057ffabd-a543918747deda0591378f994d02b3ad3051e4a9.jpg]
[lbpamprodcdn.azureedge.net/cmsmedia/data/shared/imageFolder/logo-france-active-686e7b094ec09c034a84bcbe5a132212e258c8b2.jpg]
[lbpamprodcdn.azureedge.net/cmsmedia/data/shared/imageFolder/logo-habitat-humanisme-6dc381c3562f02f8dc525c37be2fe081186aaafd.jpg]
[lbpamprodcdn.azureedge.net/cmsmedia/data/shared/imageFolder/814d052720618cc3d3f9b6c8afd6a5f567e3620f-d8636dbe685012839a8559d2ba4f6feeb407f625.jpg]
[lbpamprodcdn.azureedge.net/cmsmedia/data/shared/imageFolder/terre-de-liens-c5c99a3d7d2fa90679352b2f59072f9573142c53.jpg]
[lbpamprodcdn.azureedge.net/cmsmedia/data/shared/imageFolder/adie-f31c4dc7da5cf20b9af0d23faeeffefa81cbc814.jpg]
[www.lbpam.com/fr/notre-identite/gamme-citoyenne-vers-une-societe-plus-solidaire.html]
[www.lbpam.com/fr/products/fr0013183464.html]
[lbpamprodcdn.azureedge.net/cmsmedia/data/shared/imageFolder/small-crop-[id=1997]articles-internet-lbpam----2828-29-59e63c87b52caffbd5ed2c6522e91f0d804b544c.jpg]
[lbpamprodcdn.azureedge.net/cmsmedia/data/shared/imageFolder/articles-internet-lbpam----2828-29-ffadf186ed5ae70d78b6187c67e555fb075ea356.jpg]
[www.lbpam.com/fr/actualite/articles/la-banque-postale-asset-management-et-tocqueville-finance-devoilent-leur-politique-biodiversite-1385.html]
[lbpamprodcdn.azureedge.net/cmsmedia/data/shared/imageFolder/HomeSlide5eb3c0db2f7940.06603725.jpg]
[www.lbpam.com/fr/mailto_privacy@lbpamcd51.html]
[lbpamprodcdn.azureedge.net/cmsmedia/data/shared/imageFolder/small-crop-[id=3081]em-carre-morland-32974568ffd38de49b45449ea07214a4fc28282d.jpg]
[lbpamprodcdn.azureedge.net/cmsmedia/data/shared/imageFolder/visuel-em---prix-agefi-96c2e6330e04e968d2084ceb34d09fc65f98a585.jpg]
[www.lbpam.com/fr/actualite/articles/emmanuelle-mourey-recoit-le-prix-de-l-am-leader-de-l-agefi.html]
[www.lbpam.com/fr/notre-identite/isr.html]
[www.lbpam.com/fr/products/fr0010613323.html]
[www.lbpam.com/fr/products/fr0010613315.html]
[www.lbpam.com/fr/products/fr0013245982.html]
[www.lbpam.com/fr/products/fr0013323102.html]
[www.lbpam.com/fr/products/fr0013262466.html]
[www.lbpam.com/fr/products/fr0011608447.html]
[www.lbpam.com/fr/products/fr0010546903.html]
[www.lbpam.com/fr/products/fr0013240918.html]
[www.lbpam.com/fr/products/fr0010600239.html]
[www.lbpam.com/fr/products/fr0010302661.html]
[www.lbpam.com/fr/products/fr0010305946.html]
[www.lbpam.com/fr/products/fr0010750919.html]
[www.lbpam.com/fr/products/fr001400bqj4.html]
[www.lbpam.com/fr/products/fr0013345667.html]
[www.lbpam.com/fr/products/fr0010613380.html]
[www.lbpam.com/fr/products/fr0013529922.html]
[www.lbpam.com/fr/products/fr0013277522.html]
[lbpamprodcdn.azureedge.net/ui-kit/2023-12-28-4b9e6f93/resources/css/bootstrap-datepicker.min.css]
[lbpamprodcdn.azureedge.net/cmsmedia/data/shared/imageFolder/small-crop-[id=2195]bandeau-fib-831144cbc8ec6e352d266a95a0f48961475a846d.png]
[lbpampreprodcdn2.azureedge.net/cmsmedia/data/shared/imageFolder/groupe-3880-31bd596f5b1d2243a8cf956da2c0ff0f8eeeb6a4.jpg]
[lbpampreprodcdn2.azureedge.net/cmsmedia/data/shared/imageFolder/lb-actualite-rh-0f13e1739f104b12e74d34b1008dee4c8e8b446a.png]
[lbpamprodcdn.azureedge.net/cmsmedia/data/shared/imageFolder/lbpam-france-is-back-ls-v3_tetiere-681efc9807b0f7c323698c93797c81acca374d06-ad4b764e3c91295a690a422a95a9c5b6290e0bd2.jpg]
[www.lbpam.com/fr/actualite/articles/france-is-back-fait-etape-a-lyon-coup-de-projecteur.html]
[lbpampreprodcdn2.azureedge.net/widgets-assets/lbpam-insights/0.2.8/lbpam-insights7f65.js]
[lbpamprodcdn.azureedge.net/cmsmedia/data/shared/imageFolder/small-crop-[id=2808]gamme-partage-carre-3-51b7fec418760a0e8ae4edd8170745d7c4d45497.jpg]
[lbpamprodcdn.azureedge.net/cmsmedia/data/shared/imageFolder/gamme-partage-header-38d8ab98d42d15aa9428bbcbe7d8490c1ef5b8a9.jpg]
[www.lbpam.com/fr/products/fr0000003592.html]
[www.lbpam.com/fr/products/fr0000446304.html]
[www.lbpam.com/publication/202309_rapport-trimestriel---gamme-de-partage-vf.pdf]
[www.lbpam.com/fr/actualite/articles/gamme-de-partage-de-lbp-am-et-tocqueville-finance.html]
[www.lbpam.com/fr/www.lbpam.com/fr/products/fr0000934325.html]
[www.lbpam.com/fr/www.lbpam.com/fr/products/fr0000944183.html]
[www.lbpam.com/fr/www.lbpam.com/fr/products/fr0010302679.html]
[www.lbpam.com/fr/www.lbpam.com/fr/products/fr0000008963.html]
[www.lbpam.com/fr/www.lbpam.com/fr/products/fr0000009755.html]
[www.lbpam.com/fr/www.lbpam.com/fr/products/fr0010302661.html]
[www.lbpam.com/fr/www.lbpam.com/fr/products/fr0013345709.html]
[www.lbpam.com/fr/www.lbpam.com/fr/products/fr0010497099.html]
[www.lbpam.com/fr/www.lbpam.com/fr/products/fr0000003592.html]
[www.lbpam.com/fr/www.lbpam.com/fr/products/fr0000004343.html]
[www.lbpam.com/fr/www.lbpam.com/fr/products/fr0010302695.html]
[www.lbpam.com/fr/www.lbpam.com/fr/products/fr0013185576.html]
[www.lbpam.com/fr/www.lbpam.com/fr/products/fr0013483583.html]
[www.lbpam.com/fr/www.lbpam.com/fr/products/fr0013230059.html]
[www.lbpam.com/fr/www.lbpam.com/fr/products/fr0011608439.html]
[www.lbpam.com/fr/www.lbpam.com/fr/products/fr0011610682.html]
[www.lbpam.com/fr/www.lbpam.com/fr/products/fr0011608421.html]
[www.lbpam.com/fr/www.lbpam.com/fr/products/fr0013245396.html]
[www.lbpam.com/fr/www.lbpam.com/fr/products/fr0010871905.html]
[www.lbpam.com/fr/www.lbpam.com/fr/products/fr0000936528.html]
[www.lbpam.com/fr/www.lbpam.com/fr/products/fr0000939829.html]
[www.lbpam.com/fr/www.lbpam.com/fr/products/fr0010506899.html]
[www.lbpam.com/fr/www.lbpam.com/fr/products/fr0013522547.html]
[www.lbpam.com/fr/www.lbpam.com/fr/products/fr0010316224.html]
[www.lbpam.com/fr/www.lbpam.com/fr/products/fr0010241919.html]
[www.lbpam.com/fr/www.lbpam.com/fr/products/fr0010748368.html]
[www.lbpam.com/fr/www.lbpam.com/fr/products/fr0010750901.html]
[www.lbpam.com/fr/www.lbpam.com/fr/products/fr0010750919.html]
[www.lbpam.com/fr/www.lbpam.com/fr/products/fr0000288094.html]
[www.lbpam.com/fr/www.lbpam.com/fr/products/fr0000288102.html]
[www.lbpam.com/fr/www.lbpam.com/fr/products/fr0010302711.html]
[www.lbpam.com/fr/www.lbpam.com/fr/products/fr0010922146.html]
[www.lbpam.com/fr/www.lbpam.com/fr/products/fr0013483609.html]
[www.lbpam.com/fr/www.lbpam.com/fr/products/fr0000288078.html]
[www.lbpam.com/fr/www.lbpam.com/fr/products/fr0000288086.html]
[www.lbpam.com/fr/www.lbpam.com/fr/products/fr0010613331.html]
[www.lbpam.com/fr/www.lbpam.com/fr/products/fr0010782219.html]
[www.lbpam.com/fr/www.lbpam.com/fr/products/fr0000446304.html]
[www.lbpam.com/fr/www.lbpam.com/fr/products/fr0000446296.html]
[www.lbpam.com/fr/www.lbpam.com/fr/products/fr001400b1n3.html]
[www.lbpam.com/fr/www.lbpam.com/fr/products/fr0013450798.html]
[www.lbpam.com/fr/www.lbpam.com/fr/products/fr0000004962.html]
[www.lbpam.com/fr/www.lbpam.com/fr/products/fr0012902435.html]
[www.lbpam.com/fr/www.lbpam.com/fr/products/fr0012902427.html]
[www.lbpam.com/fr/www.lbpam.com/fr/products/fr0013304706.html]
[www.lbpam.com/fr/www.lbpam.com/fr/products/fr0013456027.html]
[www.lbpam.com/fr/www.lbpam.com/fr/products/fr0013304680.html]
[www.lbpam.com/fr/www.lbpam.com/fr/products/fr0000423378.html]
[www.lbpam.com/fr/www.lbpam.com/fr/products/fr0000423360.html]
[www.lbpam.com/fr/www.lbpam.com/fr/products/fr0010613430.html]
[www.lbpam.com/fr/products/fr0000003592.html]
[www.lbpam.com/fr/products/fr0000446304.html]
